{
  "fileName": "included.idl",
  "definitions": [
    {
      "name": "IncludedIdl",
      "definitions": [
        {
          "name": "IDL_VERSION",
          "type": {
            "type": "SIGNED_LONG_INT"
          },
          "value": {
            "elements": [
              {
                "value": "3",
                "CLASS": "Literal"
              }
            ],
            "CLASS": "ConstExp"
          },
          "CLASS": "ConstDcl"
        },
        {
          "name": "IncludedStruct",
          "members": [
            {
              "declarator": {
                "name": "someMember",
                "CLASS": "Declarator"
              },
              "type": {
                "CLASS": "StringType"
              },
              "CLASS": "Member"
            }
          ],
          "CLASS": "StructType"
        }
      ],
      "CLASS": "Module"
    }
  ],
  "CLASS": "Specification"
}