::IncludedIdl
::IncludedIdl::IncludedStruct
::SimpleIdl
::SimpleIdl::IDL_VERSION
::SimpleIdl::COMPOSED_CONST
::SimpleIdl::STRING_CONSTANT
::SimpleIdl::time
::SimpleIdl::someReally
::SimpleIdl::someReallyWeird
::SimpleIdl::someReallyWeirdTypedef
::SimpleIdl::SimpleStruct
::SimpleIdl::structs
::SimpleIdl::typedefedStruct
::SimpleIdl::StructWithArrays
::SimpleIdl::SimpleEnum
::SimpleIdl::SimpleEnum::EN_VAL_A
::SimpleIdl::SimpleEnum::EN_VAL_B
::SimpleIdl::SimpleEnum::EN_VAL_C
::SimpleIdl::SimpleUnion
::SimpleIdl::WeirdUnion
::SimpleIdl::NoMemberException
::SimpleIdl::ExceptionWithMembers
::SimpleIdl::SimpleIdlInterface
::SimpleIdl::SimpleIdlInterface::NESTED_CONST
::SimpleIdl::InheritedInterface